测试目的
验证程序功能的完成情况和稳定性

测试背景
第一个基本完成要求功能的版本

测试环境
ubuntu 12.04 LTS 64 bit
intel i5 cpu + 12GB memmory

测试人员
开发者：PC_Chen

测试项：
正常前台执行：通过
后台执行：通过
退出shell：通过
输入输出重定向：通过
通过环境变量改变提示符：只能在启动前设置




